C51 COMPILER V9.54   MAIN                                                                  11/01/2019 17:14:20 PAGE 1   


C51 COMPILER V9.54, COMPILATION OF MODULE MAIN
OBJECT MODULE PLACED IN .\Objects\main.obj
COMPILER INVOKED BY: C:\Keil_v5\C51\BIN\C51.EXE main.c OPTIMIZE(8,SPEED) BROWSE DEBUG OBJECTEXTEND PRINT(.\Listings\main
                    -.lst) TABS(2) OBJECT(.\Objects\main.obj)

line level    source

   1          #include <REGX52.H>
   2          #include <INTRINS.H>
   3          #include <Delay.h>
   4          #include <Display.h>
   5          #include <Product.h>
   6          #include <Key.h>
   7          #include <EEPROM.h>
*** WARNING C323 IN LINE 1 OF EEPROM.h: newline expected, extra characters found
   8          //计数常量COUNT
   9          unsigned int COUNT = 0;
  10          unsigned int WAIT ;
  11          void main(){
  12   1        //一直显示数字，使用中断加减
  13   1        P2_4 = 0 ;
  14   1        EEPROMInit();
  15   1        while(1){
  16   2          EEPROMStart();
  17   2          Display(COUNT);
  18   2          KeyNum = PressKey();
  19   2          Product();
  20   2          
  21   2          if(isProduct == 1){
  22   3            COUNT ++;
  23   3            isProduct = 0 ;
  24   3          }
  25   2          while(isProduct == 5){//停留长时间后进入错误界面
  26   3            P2_4 = 1 ;//蜂鸣器进行工作
  27   3            DisplayErr1();
  28   3          }
  29   2          
  30   2          if(KeyNum == 1){
  31   3            COUNT ++ ;
  32   3            KeyNum = 0 ;
  33   3          }
  34   2          if(KeyNum == 2){
  35   3            COUNT -- ;
  36   3            KeyNum = 0 ;
  37   3          }
  38   2          if(KeyNum == 3){
  39   3            COUNT = 0 ;
  40   3            KeyNum = 0 ;
  41   3          }
  42   2          
  43   2          if(COUNT > 9999){
  44   3            P2_4 = 1 ;//蜂鸣器响
  45   3            WAIT = 1 ;//标记位
  46   3            while(WAIT){//不循环无法展示错误信息，使用标记和定时器进行控制循环的停止
  47   4              Timer0() ;//进行5秒定时任务
*** WARNING C206 IN LINE 47 OF main.c: 'Timer0': missing function-prototype
  48   4              DisplayErr2() ;//展示E002
  49   4            }
  50   3            P2_4 = 0 ;//蜂鸣器停止
  51   3            COUNT = 0 ;//计数器置0
  52   3          }
C51 COMPILER V9.54   MAIN                                                                  11/01/2019 17:14:20 PAGE 2   

  53   2        }
  54   1      }
  55          void Timer0_run() interrupt 1{
  56   1        static unsigned int T0Count = 0;
  57   1        TL0 = 0x18;
  58   1        TH0 = 0xFC;
  59   1        T0Count ++ ;
  60   1        if(T0Count >= 5000){
  61   2          T0Count = 0;
  62   2          //todo
  63   2          WAIT = 0 ;
  64   2        }
  65   1      }


MODULE INFORMATION:   STATIC OVERLAYABLE
   CODE SIZE        =    190    ----
   CONSTANT SIZE    =   ----    ----
   XDATA SIZE       =   ----    ----
   PDATA SIZE       =   ----    ----
   DATA SIZE        =      6    ----
   IDATA SIZE       =   ----    ----
   BIT SIZE         =   ----    ----
END OF MODULE INFORMATION.


C51 COMPILATION COMPLETE.  2 WARNING(S),  0 ERROR(S)
