BL51 BANKED LINKER/LOCATER V6.22                                                        11/24/2019  21:52:58  PAGE 1


BL51 BANKED LINKER/LOCATER V6.22, INVOKED BY:
C:\KEIL_V5\C51\BIN\BL51.EXE .\Objects\test.obj TO .\Objects\test PRINT (.\Listings\test.m51) RAMSIZE (256)


MEMORY MODEL: SMALL


INPUT MODULES INCLUDED:
  .\Objects\test.obj (TEST)
  C:\KEIL_V5\C51\LIB\C51S.LIB (?C_STARTUP)


LINK MAP OF MODULE:  .\Objects\test (TEST)


            TYPE    BASE      LENGTH    RELOCATION   SEGMENT NAME
            -----------------------------------------------------

            * * * * * * *   D A T A   M E M O R Y   * * * * * * *
            REG     0000H     0008H     ABSOLUTE     "REG BANK 0"
            DATA    0008H     0001H     UNIT         ?DT?TEST
            IDATA   0009H     0001H     UNIT         ?STACK

            * * * * * * *   C O D E   M E M O R Y   * * * * * * *
            CODE    0000H     0003H     ABSOLUTE     
            CODE    0003H     0027H     UNIT         ?PR?IIC_WAITACK?TEST
            CODE    002AH     0023H     UNIT         ?PR?_IIC_SENDBYTE?TEST
            CODE    004DH     0020H     UNIT         ?PR?_DELAY?TEST
            CODE    006DH     001FH     UNIT         ?PR?IIC_RECBYTE?TEST
            CODE    008CH     001CH     UNIT         ?PR?_ROM_WRITE?TEST
            CODE    00A8H     001BH     UNIT         ?PR?MAIN?TEST
            CODE    00C3H     0019H     UNIT         ?PR?_ROM_READ?TEST
            CODE    00DCH     0013H     UNIT         ?PR?IIC_START?TEST
            CODE    00EFH     000CH     UNIT         ?PR?IIC_STOP?TEST
            CODE    00FBH     000CH     UNIT         ?C_C51STARTUP



OVERLAY MAP OF MODULE:   .\Objects\test (TEST)


SEGMENT
  +--> CALLED SEGMENT
---------------------
?C_C51STARTUP
  +--> ?PR?MAIN?TEST

?PR?MAIN?TEST
  +--> ?PR?_ROM_WRITE?TEST
  +--> ?PR?_ROM_READ?TEST

?PR?_ROM_WRITE?TEST
  +--> ?PR?IIC_START?TEST
  +--> ?PR?_IIC_SENDBYTE?TEST
  +--> ?PR?IIC_WAITACK?TEST
  +--> ?PR?IIC_STOP?TEST
  +--> ?PR?_DELAY?TEST

BL51 BANKED LINKER/LOCATER V6.22                                                      11/24/2019  21:52:58  PAGE 2


?PR?IIC_WAITACK?TEST
  +--> ?PR?_IIC_SENDBYTE?TEST
  +--> ?PR?IIC_STOP?TEST

?PR?_ROM_READ?TEST
  +--> ?PR?IIC_START?TEST
  +--> ?PR?IIC_WAITACK?TEST
  +--> ?PR?_IIC_SENDBYTE?TEST
  +--> ?PR?IIC_RECBYTE?TEST



SYMBOL TABLE OF MODULE:  .\Objects\test (TEST)

  VALUE           TYPE          NAME
  ----------------------------------

  -------         MODULE        TEST
  C:0000H         SYMBOL        _ICE_DUMMY_
  C:004DH         PUBLIC        _delay
  C:00A8H         PUBLIC        main
  C:00DCH         PUBLIC        IIC_Start
  C:00C3H         PUBLIC        _rom_read
  B:00A0H.6       PUBLIC        SDA
  C:002AH         PUBLIC        _IIC_SendByte
  C:008CH         PUBLIC        _rom_write
  C:000EH         PUBLIC        IIC_WaitAck
  C:00EFH         PUBLIC        IIC_Stop
  D:0008H         PUBLIC        a
  B:00A0H.5       PUBLIC        SCL
  C:006DH         PUBLIC        IIC_RecByte
  -------         PROC          _DELAY
  D:0006H         SYMBOL        z
  -------         DO            
  D:0006H         SYMBOL        x
  D:0004H         SYMBOL        y
  -------         ENDDO         
  C:004DH         LINE#         7
  C:004DH         LINE#         8
  C:004DH         LINE#         10
  C:0058H         LINE#         11
  C:006CH         LINE#         12
  -------         ENDPROC       _DELAY
  -------         PROC          IIC_START
  C:00DCH         LINE#         14
  C:00DCH         LINE#         15
  C:00DCH         LINE#         17
  C:00DEH         LINE#         18
  C:00E0H         LINE#         19
  C:00E5H         LINE#         20
  C:00E7H         LINE#         21
  C:00ECH         LINE#         22
  C:00EEH         LINE#         23
  -------         ENDPROC       IIC_START
  -------         PROC          IIC_STOP
  C:00EFH         LINE#         25
  C:00EFH         LINE#         26
BL51 BANKED LINKER/LOCATER V6.22                                                      11/24/2019  21:52:58  PAGE 3


  C:00EFH         LINE#         27
  C:00F1H         LINE#         28
  C:00F3H         LINE#         29
  C:00F8H         LINE#         30
  C:00FAH         LINE#         31
  -------         ENDPROC       IIC_STOP
  -------         PROC          L?0031
  -------         ENDPROC       L?0031
  -------         PROC          IIC_WAITACK
  C:000EH         LINE#         33
  C:000EH         LINE#         34
  C:000EH         LINE#         35
  C:0010H         LINE#         36
  C:0015H         LINE#         37
  C:0017H         LINE#         38
  C:001CH         LINE#         39
  C:001FH         LINE#         40
  C:001FH         LINE#         41
  C:0021H         LINE#         42
  C:0024H         LINE#         43
  C:0026H         LINE#         44
  C:0026H         LINE#         46
  C:0026H         LINE#         47
  C:0028H         LINE#         48
  C:0029H         LINE#         49
  C:0029H         LINE#         50
  -------         ENDPROC       IIC_WAITACK
  -------         PROC          _IIC_SENDBYTE
  D:0007H         SYMBOL        byt
  -------         DO            
  D:0006H         SYMBOL        i
  -------         ENDDO         
  C:002AH         LINE#         52
  C:002AH         LINE#         53
  C:002AH         LINE#         55
  C:002CH         LINE#         56
  C:002CH         LINE#         57
  C:0030H         LINE#         58
  C:0030H         LINE#         59
  C:0032H         LINE#         60
  C:0034H         LINE#         62
  C:0034H         LINE#         63
  C:0036H         LINE#         64
  C:0036H         LINE#         65
  C:003BH         LINE#         66
  C:003DH         LINE#         67
  C:0041H         LINE#         68
  C:0046H         LINE#         69
  C:0048H         LINE#         70
  C:004CH         LINE#         71
  -------         ENDPROC       _IIC_SENDBYTE
  -------         PROC          IIC_RECBYTE
  -------         DO            
  D:0007H         SYMBOL        da
  D:0006H         SYMBOL        i
  -------         ENDDO         
  C:006DH         LINE#         73
BL51 BANKED LINKER/LOCATER V6.22                                                      11/24/2019  21:52:58  PAGE 4


  C:006DH         LINE#         74
  C:006DH         LINE#         77
  C:006FH         LINE#         78
  C:006FH         LINE#         79
  C:0071H         LINE#         80
  C:0076H         LINE#         81
  C:007AH         LINE#         82
  C:007DH         LINE#         83
  C:0080H         LINE#         84
  C:0082H         LINE#         85
  C:0087H         LINE#         86
  C:008BH         LINE#         87
  C:008BH         LINE#         88
  -------         ENDPROC       IIC_RECBYTE
  -------         PROC          _ROM_WRITE
  D:0003H         SYMBOL        add
  D:0004H         SYMBOL        da
  C:008CH         LINE#         89
  C:008EH         LINE#         90
  C:008EH         LINE#         91
  C:0091H         LINE#         92
  C:0096H         LINE#         93
  C:0099H         LINE#         94
  C:009BH         LINE#         95
  C:009BH         LINE#         96
  C:009BH         LINE#         97
  C:009EH         LINE#         98
  C:00A1H         LINE#         99
  -------         ENDPROC       _ROM_WRITE
  -------         PROC          _ROM_READ
  D:0005H         SYMBOL        add
  -------         DO            
  D:0007H         SYMBOL        t
  -------         ENDDO         
  C:00C3H         LINE#         101
  C:00C5H         LINE#         102
  C:00C5H         LINE#         104
  C:00C8H         LINE#         105
  C:00CAH         LINE#         106
  C:00CAH         LINE#         107
  C:00CAH         LINE#         108
  C:00CDH         LINE#         109
  C:00D0H         LINE#         110
  C:00D5H         LINE#         111
  C:00D8H         LINE#         112
  C:00DBH         LINE#         113
  C:00DBH         LINE#         114
  C:00DBH         LINE#         115
  -------         ENDPROC       _ROM_READ
  -------         PROC          MAIN
  C:00A8H         LINE#         116
  C:00A8H         LINE#         117
  C:00A8H         LINE#         118
  C:00B1H         LINE#         119
  C:00BAH         LINE#         120
  C:00C1H         LINE#         121
  C:00C1H         LINE#         122
BL51 BANKED LINKER/LOCATER V6.22                                                      11/24/2019  21:52:58  PAGE 5


  C:00C1H         LINE#         124
  -------         ENDPROC       MAIN
  -------         ENDMOD        TEST

Program Size: data=10.0 xdata=0 code=263
LINK/LOCATE RUN COMPLETE.  0 WARNING(S),  0 ERROR(S)
